git
base-devel
curl
wget
tar
zip
unzip
nvim
nano

pipewire
pipewire-alsa
pipewire-audio
pipewire-jack
pipewire-pulse
gst-plugin-pipewire
wireplumber
pavucontrol
pamixer
networkmanager
bluez
bluez-utils
blueman
udisks2
udiskie

ttf-fira-code
ttf-jetbrains-mono
ttf-jetbrains-mono-nerd
ttf-font-awesome
ttf-nerd-fonts-symbols

hyprland
waybar
rofi
hyprpaper
hyprlock
mako
libnotify
inotify-tools
xdg-desktop-portal-hyprland
qt5-wayland
qt6-wayland

sddm

kitty
lf

kvantum
kvantum-qt5

qbittorrent
mpv
grim
slurp
wl-clipboard
hyprpicker
playerctl
okular
bitwarden

dotnet-sdk-6.0
